Godot Engine v4.7.1.stable.official.a13da4feb - https://godotengine.org

ERROR: Failed to read the root certificate store.
   at: get_system_ca_certificates (platform/windows/os_windows.cpp:2582)
SPAWN city (0.0, 0.1, 0.0)
SCRIPT ERROR: Trying to assign an array of type "Array" to a variable of type "Array[Vector3]".
   at: route (res://scripts/hose_collision.gd:15)
   GDScript backtrace (most recent call first):
       [0] route (res://scripts/hose_collision.gd:15)
       [1] draw_hose (res://scripts/main.gd:819)
       [2] setup_equipment (res://scripts/main.gd:361)
       [3] start_level (res://scripts/main.gd:318)
       [4] run (res://scripts/test_world.gd:21)
ERROR: No vertices were added, surface can't be created.
   at: surface_end (scene/resources/immediate_mesh.cpp:153)
   GDScript backtrace (most recent call first):
       [0] draw_hose (res://scripts/main.gd:839)
       [1] setup_equipment (res://scripts/main.gd:361)
       [2] start_level (res://scripts/main.gd:318)
       [3] run (res://scripts/test_world.gd:21)
SCRIPT ERROR: Trying to assign an array of type "Array" to a variable of type "Array[Vector3]".
   at: route (res://scripts/hose_collision.gd:15)
   GDScript backtrace (most recent call first):
       [0] route (res://scripts/hose_collision.gd:15)
       [1] draw_hose (res://scripts/main.gd:819)
       [2] setup_equipment (res://scripts/main.gd:361)
       [3] start_level (res://scripts/main.gd:318)
       [4] run (res://scripts/test_world.gd:21)
ERROR: No vertices were added, surface can't be created.
   at: surface_end (scene/resources/immediate_mesh.cpp:153)
   GDScript backtrace (most recent call first):
       [0] draw_hose (res://scripts/main.gd:839)
       [1] setup_equipment (res://scripts/main.gd:361)
       [2] start_level (res://scripts/main.gd:318)
       [3] run (res://scripts/test_world.gd:21)
SCRIPT ERROR: Trying to assign an array of type "Array" to a variable of type "Array[Vector3]".
   at: route (res://scripts/hose_collision.gd:15)
   GDScript backtrace (most recent call first):
       [0] route (res://scripts/hose_collision.gd:15)
       [1] draw_hose (res://scripts/main.gd:819)
       [2] setup_equipment (res://scripts/main.gd:361)
       [3] start_level (res://scripts/main.gd:318)
       [4] run (res://scripts/test_world.gd:21)
ERROR: No vertices were added, surface can't be created.
   at: surface_end (scene/resources/immediate_mesh.cpp:153)
   GDScript backtrace (most recent call first):
       [0] draw_hose (res://scripts/main.gd:839)
       [1] setup_equipment (res://scripts/main.gd:361)
       [2] start_level (res://scripts/main.gd:318)
       [3] run (res://scripts/test_world.gd:21)
SCRIPT ERROR: Trying to assign an array of type "Array" to a variable of type "Array[Vector3]".
   at: route (res://scripts/hose_collision.gd:15)
   GDScript backtrace (most recent call first):
       [0] route (res://scripts/hose_collision.gd:15)
       [1] draw_hose (res://scripts/main.gd:819)
       [2] setup_equipment (res://scripts/main.gd:361)
       [3] start_level (res://scripts/main.gd:318)
       [4] run (res://scripts/test_world.gd:21)
ERROR: No vertices were added, surface can't be created.
   at: surface_end (scene/resources/immediate_mesh.cpp:153)
   GDScript backtrace (most recent call first):
       [0] draw_hose (res://scripts/main.gd:839)
       [1] setup_equipment (res://scripts/main.gd:361)
       [2] start_level (res://scripts/main.gd:318)
       [3] run (res://scripts/test_world.gd:21)
SCRIPT ERROR: Trying to assign an array of type "Array" to a variable of type "Array[Vector3]".
   at: route (res://scripts/hose_collision.gd:15)
   GDScript backtrace (most recent call first):
       [0] route (res://scripts/hose_collision.gd:15)
       [1] run (res://scripts/test_world.gd:36)
ERROR: city hose routes around truck
   at: push_error (core/variant/variant_utility.cpp:1023)
   GDScript backtrace (most recent call first):
       [0] check (res://scripts/test_world.gd:12)
       [1] run (res://scripts/test_world.gd:37)
SCRIPT ERROR: Trying to assign an array of type "Array" to a variable of type "Array[Vector3]".
   at: route (res://scripts/hose_collision.gd:15)
   GDScript backtrace (most recent call first):
       [0] route (res://scripts/hose_collision.gd:15)
       [1] draw_hose (res://scripts/main.gd:819)
       [2] run (res://scripts/test_world.gd:60)
ERROR: No vertices were added, surface can't be created.
   at: surface_end (scene/resources/immediate_mesh.cpp:153)
   GDScript backtrace (most recent call first):
       [0] draw_hose (res://scripts/main.gd:839)
       [1] run (res://scripts/test_world.gd:60)
SCRIPT ERROR: Trying to assign an array of type "Array" to a variable of type "Array[Vector3]".
   at: route (res://scripts/hose_collision.gd:15)
   GDScript backtrace (most recent call first):
       [0] route (res://scripts/hose_collision.gd:15)
       [1] run (res://scripts/test_world.gd:61)
SCRIPT ERROR: Out of bounds get index '0' (on base: 'Array[Vector3]')
   at: run (res://scripts/test_world.gd:62)
   GDScript backtrace (most recent call first):
       [0] run (res://scripts/test_world.gd:62)
